// Jest Snapshot v1, https://goo.gl/fbAQLP

exports[`atoms/maps/UnitGroupMap can render 1`] = `undefined`;
